may 19, 2026 3:40:40 A. M. Main main
ADVERTENCIA: Error: Nombre de usuario no cumple las reglas de validación.
may 19, 2026 3:40:44 A. M. Main main
ADVERTENCIA: Error: Nombre de usuario no cumple las reglas de validación.
may 19, 2026 3:40:46 A. M. Main main
ADVERTENCIA: Error: Nombre de usuario no cumple las reglas de validación.
may 19, 2026 3:40:49 A. M. Main main
ADVERTENCIA: OK: Nombre de usuario cumple las reglas de validación.
may 19, 2026 3:40:57 A. M. Main main
ADVERTENCIA: Error: Formato de archivo no cumple las reglas de validación.
may 19, 2026 3:41:04 A. M. Main main
ADVERTENCIA: Error: Formato de archivo no cumple las reglas de validación.
may 19, 2026 3:41:13 A. M. Main main
ADVERTENCIA: Error: Credenciales correctas, pero el archivo solicitado no existe.
may 19, 2026 3:41:19 A. M. Main main
ADVERTENCIA: OK: Nombre de usuario cumple las reglas de validación.
may 19, 2026 3:41:22 A. M. Main main
ADVERTENCIA: OK: Credenciales correctas. Archivo Ejemplo.txt mostrado por pantalla.
may 19, 2026 11:57:47 P. M. Main main
ADVERTENCIA: OK: Nombre de usuario cumple las reglas de validación.
may 19, 2026 11:57:54 P. M. Main main
ADVERTENCIA: OK: Credenciales correctas. Archivo Ejemplo.txt mostrado por pantalla.
